This is pdfTeX, Version 3.141592653-2.6-1.40.27 (MiKTeX 25.4) (preloaded format=pdflatex 2025.11.18)  20 NOV 2025 00:57
entering extended mode
 restricted \write18 enabled.
 %&-line parsing enabled.
**./thesis.tex
(thesis.tex
LaTeX2e <2025-11-01>
L3 programming layer <2025-10-24>
(maththesis.cls
Document Class: maththesis 
(C:\Program Files\MiKTeX\tex/latex/base\report.cls
Document Class: report 2025/01/22 v1.4n Standard LaTeX document class
(C:\Program Files\MiKTeX\tex/latex/base\size12.clo
File: size12.clo 2025/01/22 v1.4n Standard LaTeX file (size option)
)
\c@part=\count275
\c@chapter=\count276
\c@section=\count277
\c@subsection=\count278
\c@subsubsection=\count279
\c@paragraph=\count280
\c@subparagraph=\count281
\c@figure=\count282
\c@table=\count283
\abovecaptionskip=\skip49
\belowcaptionskip=\skip50
\bibindent=\dimen148
)
(C:\Program Files\MiKTeX\tex/latex/amsfonts\amssymb.sty
Package: amssymb 2013/01/14 v3.01 AMS font symbols

(C:\Program Files\MiKTeX\tex/latex/amsfonts\amsfonts.sty
Package: amsfonts 2013/01/14 v3.01 Basic AMSFonts support
\@emptytoks=\toks17
\symAMSa=\mathgroup4
\symAMSb=\mathgroup5
LaTeX Font Info:    Redeclaring math symbol \hbar on input line 98.
LaTeX Font Info:    Overwriting math alphabet `\mathfrak' in version `bold'
(Font)                  U/euf/m/n --> U/euf/b/n on input line 106.
))
(C:\Program Files\MiKTeX\tex/latex/amsmath\amsmath.sty
Package: amsmath 2025/07/09 v2.17z AMS math features
\@mathmargin=\skip51

For additional information on amsmath, use the `?' option.
(C:\Program Files\MiKTeX\tex/latex/amsmath\amstext.sty
Package: amstext 2024/11/17 v2.01 AMS text

(C:\Program Files\MiKTeX\tex/latex/amsmath\amsgen.sty
File: amsgen.sty 1999/11/30 v2.0 generic functions
\@emptytoks=\toks18
\ex@=\dimen149
))
(C:\Program Files\MiKTeX\tex/latex/amsmath\amsbsy.sty
Package: amsbsy 1999/11/29 v1.2d Bold Symbols
\pmbraise@=\dimen150
)
(C:\Program Files\MiKTeX\tex/latex/amsmath\amsopn.sty
Package: amsopn 2022/04/08 v2.04 operator names
)
\inf@bad=\count284
LaTeX Info: Redefining \frac on input line 233.
\uproot@=\count285
\leftroot@=\count286
LaTeX Info: Redefining \overline on input line 398.
LaTeX Info: Redefining \colon on input line 409.
\classnum@=\count287
\DOTSCASE@=\count288
LaTeX Info: Redefining \ldots on input line 495.
LaTeX Info: Redefining \dots on input line 498.
LaTeX Info: Redefining \cdots on input line 619.
\Mathstrutbox@=\box53
\strutbox@=\box54
LaTeX Info: Redefining \big on input line 721.
LaTeX Info: Redefining \Big on input line 722.
LaTeX Info: Redefining \bigg on input line 723.
LaTeX Info: Redefining \Bigg on input line 724.
\big@size=\dimen151
LaTeX Font Info:    Redeclaring font encoding OML on input line 742.
LaTeX Font Info:    Redeclaring font encoding OMS on input line 743.
\macc@depth=\count289
LaTeX Info: Redefining \bmod on input line 904.
LaTeX Info: Redefining \pmod on input line 909.
LaTeX Info: Redefining \smash on input line 939.
LaTeX Info: Redefining \relbar on input line 969.
LaTeX Info: Redefining \Relbar on input line 970.
\c@MaxMatrixCols=\count290
\dotsspace@=\muskip17
\c@parentequation=\count291
\dspbrk@lvl=\count292
\tag@help=\toks19
\row@=\count293
\column@=\count294
\maxfields@=\count295
\andhelp@=\toks20
\eqnshift@=\dimen152
\alignsep@=\dimen153
\tagshift@=\dimen154
\tagwidth@=\dimen155
\totwidth@=\dimen156
\lineht@=\dimen157
\@envbody=\toks21
\multlinegap=\skip52
\multlinetaggap=\skip53
\mathdisplay@stack=\toks22
LaTeX Info: Redefining \[ on input line 2950.
LaTeX Info: Redefining \] on input line 2951.
)
(C:\Program Files\MiKTeX\tex/latex/tools\indentfirst.sty
Package: indentfirst 2023/07/02 v1.03 Indent first paragraph (DPC)
)
(C:\Program Files\MiKTeX\tex/latex/base\ifthen.sty
Package: ifthen 2024/03/16 v1.1e Standard LaTeX ifthen package (DPC)
)) (commands.tex
(C:\Users\user\AppData\Roaming\MiKTeX\tex/latex/colortbl\colortbl.sty
Package: colortbl 2024/10/29 v1.0k Color table columns (DPC)

(C:\Program Files\MiKTeX\tex/latex/tools\array.sty
Package: array 2025/09/25 v2.6n Tabular extension package (FMi)
\col@sep=\dimen158
\ar@mcellbox=\box55
\extrarowheight=\dimen159
\NC@list=\toks23
\extratabsurround=\skip54
\backup@length=\skip55
\ar@cellbox=\box56
)
(C:\Program Files\MiKTeX\tex/latex/graphics\color.sty
Package: color 2025/01/14 v1.3e Standard LaTeX Color (DPC)

(C:\Program Files\MiKTeX\tex/latex/graphics-cfg\color.cfg
File: color.cfg 2016/01/02 v1.6 sample color configuration
)
Package color Info: Driver file: pdftex.def on input line 149.

(C:\Program Files\MiKTeX\tex/latex/graphics-def\pdftex.def
File: pdftex.def 2025/09/29 v1.2d Graphics/color driver for pdftex
)
(C:\Program Files\MiKTeX\tex/latex/graphics\mathcolor.ltx))
\everycr=\toks24
\minrowclearance=\skip56
\rownum=\count296
)
(C:\Program Files\MiKTeX\tex/latex/base\textcomp.sty
Package: textcomp 2024/04/24 v2.1b Standard LaTeX package
)
(C:\Users\user\AppData\Roaming\MiKTeX\tex/latex/apacite\apacite.sty
Package: apacite 2013/07/21 v6.03 APA citation
\c@BibCnt=\count297
\bibleftmargin=\skip57
\bibindent=\skip58
\bibparsep=\skip59
\bibitemsep=\skip60
\biblabelsep=\skip61
)
(C:\Users\user\AppData\Roaming\MiKTeX\tex/latex/natbib\natbib.sty
Package: natbib 2010/09/13 8.31b (PWD, AO)
\bibhang=\skip62
\bibsep=\skip63
LaTeX Info: Redefining \cite on input line 694.
LaTeX Info: Redefining \citeauthor on input line 712.
LaTeX Info: Redefining \citeyear on input line 735.
\c@NAT@ctr=\count298
)
(C:\Users\user\AppData\Roaming\MiKTeX\tex/latex/jknappen\mathrsfs.sty
Package: mathrsfs 1996/01/01 Math RSFS package v1.0 (jk)
\symrsfs=\mathgroup6
)
(C:\Program Files\MiKTeX\tex/latex/base\latexsym.sty
Package: latexsym 1998/08/17 v2.2e Standard LaTeX package (lasy symbols)
\symlasy=\mathgroup7
LaTeX Font Info:    Overwriting symbol font `lasy' in version `bold'
(Font)                  U/lasy/m/n --> U/lasy/b/n on input line 52.
)
(C:\Users\user\AppData\Roaming\MiKTeX\tex/latex/wasysym\wasysym.sty
Package: wasysym 2020/01/19 v2.4 Wasy-2 symbol support package
\symwasy=\mathgroup8
LaTeX Font Info:    Overwriting symbol font `wasy' in version `bold'
(Font)                  U/wasy/m/n --> U/wasy/b/n on input line 93.
)
(C:\Program Files\MiKTeX\tex/latex/graphics\graphicx.sty
Package: graphicx 2024/12/31 v1.2e Enhanced LaTeX Graphics (DPC,SPQR)

(C:\Program Files\MiKTeX\tex/latex/graphics\keyval.sty
Package: keyval 2022/05/29 v1.15 key=value parser (DPC)
\KV@toks@=\toks25
)
(C:\Program Files\MiKTeX\tex/latex/graphics\graphics.sty
Package: graphics 2024/08/06 v1.4g Standard LaTeX Graphics (DPC,SPQR)

(C:\Program Files\MiKTeX\tex/latex/graphics\trig.sty
Package: trig 2023/12/02 v1.11 sin cos tan (DPC)
)
(C:\Program Files\MiKTeX\tex/latex/graphics-cfg\graphics.cfg
File: graphics.cfg 2016/06/04 v1.11 sample graphics configuration
)
Package graphics Info: Driver file: pdftex.def on input line 106.
)
\Gin@req@height=\dimen160
\Gin@req@width=\dimen161
)
(C:\Users\user\AppData\Roaming\MiKTeX\tex/latex/enumitem\enumitem.sty
Package: enumitem 2025/02/06 v3.11 Customized lists
\labelindent=\skip64
\enit@outerparindent=\dimen162
\enit@toks=\toks26
\enit@inbox=\box57
\enit@count@id=\count299
\enitdp@description=\count300
)
(C:\Program Files\MiKTeX\tex/latex/caption\caption.sty
Package: caption 2023/08/05 v3.6o Customizing captions (AR)

(C:\Program Files\MiKTeX\tex/latex/caption\caption3.sty
Package: caption3 2023/07/31 v2.4d caption3 kernel (AR)
\caption@tempdima=\dimen163
\captionmargin=\dimen164
\caption@leftmargin=\dimen165
\caption@rightmargin=\dimen166
\caption@width=\dimen167
\caption@indent=\dimen168
\caption@parindent=\dimen169
\caption@hangindent=\dimen170
Package caption Info: Standard document class detected.
)
\c@caption@flags=\count301
\c@continuedfloat=\count302
)
(C:\Users\user\AppData\Roaming\MiKTeX\tex/latex/titlesec\titletoc.sty
Package: titletoc 2025/01/04 v2.17 TOC entries
\ttl@leftsep=\dimen171
)
(C:\Users\user\AppData\Roaming\MiKTeX\tex/latex/tocloft\tocloft.sty
Package: tocloft 2017/08/31 v2.3i parameterised ToC, etc., typesetting
Package tocloft Info: The document has chapter divisions on input line 51.
\cftparskip=\skip65
\cftbeforetoctitleskip=\skip66
\cftaftertoctitleskip=\skip67
\cftbeforepartskip=\skip68
\cftpartnumwidth=\skip69
\cftpartindent=\skip70
\cftbeforechapskip=\skip71
\cftchapindent=\skip72
\cftchapnumwidth=\skip73
\cftbeforesecskip=\skip74
\cftsecindent=\skip75
\cftsecnumwidth=\skip76
\cftbeforesubsecskip=\skip77
\cftsubsecindent=\skip78
\cftsubsecnumwidth=\skip79
\cftbeforesubsubsecskip=\skip80
\cftsubsubsecindent=\skip81
\cftsubsubsecnumwidth=\skip82
\cftbeforeparaskip=\skip83
\cftparaindent=\skip84
\cftparanumwidth=\skip85
\cftbeforesubparaskip=\skip86
\cftsubparaindent=\skip87
\cftsubparanumwidth=\skip88
\cftbeforeloftitleskip=\skip89
\cftafterloftitleskip=\skip90
\cftbeforefigskip=\skip91
\cftfigindent=\skip92
\cftfignumwidth=\skip93
\c@lofdepth=\count303
\c@lotdepth=\count304
\cftbeforelottitleskip=\skip94
\cftafterlottitleskip=\skip95
\cftbeforetabskip=\skip96
\cfttabindent=\skip97
\cfttabnumwidth=\skip98
)
(C:\Program Files\MiKTeX\tex/latex/xcolor\xcolor.sty
Package: xcolor 2024/09/29 v3.02 LaTeX color extensions (UK)

(C:\Program Files\MiKTeX\tex/latex/graphics-cfg\color.cfg
File: color.cfg 2016/01/02 v1.6 sample color configuration
)
Package xcolor Info: Driver file: pdftex.def on input line 274.
LaTeX Info: Redefining \color on input line 762.

(C:\Program Files\MiKTeX\tex/latex/graphics\mathcolor.ltx)
Package xcolor Info: Model `cmy' substituted by `cmy0' on input line 1349.
Package xcolor Info: Model `hsb' substituted by `rgb' on input line 1353.
Package xcolor Info: Model `RGB' extended on input line 1365.
Package xcolor Info: Model `HTML' substituted by `rgb' on input line 1367.
Package xcolor Info: Model `Hsb' substituted by `hsb' on input line 1368.
Package xcolor Info: Model `tHsb' substituted by `hsb' on input line 1369.
Package xcolor Info: Model `HSB' substituted by `hsb' on input line 1370.
Package xcolor Info: Model `Gray' substituted by `gray' on input line 1371.
Package xcolor Info: Model `wave' substituted by `hsb' on input line 1372.
)
(C:\Users\user\AppData\Roaming\MiKTeX\tex/latex/xpatch\xpatch.sty
(C:\Program Files\MiKTeX\tex/latex/l3kernel\expl3.sty
Package: expl3 2025-10-24 L3 programming layer (loader) 

(C:\Program Files\MiKTeX\tex/latex/l3backend\l3backend-pdftex.def
File: l3backend-pdftex.def 2025-10-09 L3 backend support: PDF output (pdfTeX)
\l__color_backend_stack_int=\count305
))
Package: xpatch 2020/03/25 v0.3a Extending etoolbox patching commands

(C:\Program Files\MiKTeX\tex/latex/l3packages/xparse\xparse.sty
Package: xparse 2025-10-09 L3 Experimental document command parser
)
(C:\Program Files\MiKTeX\tex/latex/etoolbox\etoolbox.sty
Package: etoolbox 2025/10/02 v2.5m e-TeX tools for LaTeX (JAW)
\etb@tempcnta=\count306
))
(C:\Program Files\MiKTeX\tex/latex/hyperref\hyperref.sty
Package: hyperref 2025-07-12 v7.01o Hypertext links for LaTeX

(C:\Program Files\MiKTeX\tex/generic/iftex\iftex.sty
Package: iftex 2024/12/12 v1.0g TeX engine tests
)
(C:\Users\user\AppData\Roaming\MiKTeX\tex/latex/kvsetkeys\kvsetkeys.sty
Package: kvsetkeys 2022-10-05 v1.19 Key value parser (HO)
)
(C:\Users\user\AppData\Roaming\MiKTeX\tex/generic/kvdefinekeys\kvdefinekeys.sty
Package: kvdefinekeys 2019-12-19 v1.6 Define keys (HO)
) (C:\Users\user\AppData\Roaming\MiKTeX\tex/generic/pdfescape\pdfescape.sty
Package: pdfescape 2019/12/09 v1.15 Implements pdfTeX's escape features (HO)

(C:\Users\user\AppData\Roaming\MiKTeX\tex/generic/ltxcmds\ltxcmds.sty
Package: ltxcmds 2023-12-04 v1.26 LaTeX kernel commands for general use (HO)
)
(C:\Program Files\MiKTeX\tex/generic/pdftexcmds\pdftexcmds.sty
Package: pdftexcmds 2020-06-27 v0.33 Utility functions of pdfTeX for LuaTeX (HO
)

(C:\Users\user\AppData\Roaming\MiKTeX\tex/generic/infwarerr\infwarerr.sty
Package: infwarerr 2019/12/03 v1.5 Providing info/warning/error messages (HO)
)
Package pdftexcmds Info: \pdf@primitive is available.
Package pdftexcmds Info: \pdf@ifprimitive is available.
Package pdftexcmds Info: \pdfdraftmode found.
))
(C:\Users\user\AppData\Roaming\MiKTeX\tex/latex/hycolor\hycolor.sty
Package: hycolor 2020-01-27 v1.10 Color options for hyperref/bookmark (HO)
)
(C:\Program Files\MiKTeX\tex/latex/hyperref\nameref.sty
Package: nameref 2025-06-21 v2.57 Cross-referencing by name of section

(C:\Users\user\AppData\Roaming\MiKTeX\tex/latex/refcount\refcount.sty
Package: refcount 2019/12/15 v3.6 Data extraction from label references (HO)
)
(C:\Users\user\AppData\Roaming\MiKTeX\tex/generic/gettitlestring\gettitlestring
.sty
Package: gettitlestring 2019/12/15 v1.6 Cleanup title references (HO)
 (C:\Users\user\AppData\Roaming\MiKTeX\tex/latex/kvoptions\kvoptions.sty
Package: kvoptions 2022-06-15 v3.15 Key value format for package options (HO)
))
\c@section@level=\count307
) (C:\Users\user\AppData\Roaming\MiKTeX\tex/generic/stringenc\stringenc.sty
Package: stringenc 2019/11/29 v1.12 Convert strings between diff. encodings (HO
)
)
\@linkdim=\dimen172
\Hy@linkcounter=\count308
\Hy@pagecounter=\count309

(C:\Program Files\MiKTeX\tex/latex/hyperref\pd1enc.def
File: pd1enc.def 2025-07-12 v7.01o Hyperref: PDFDocEncoding definition (HO)
Now handling font encoding PD1 ...
... no UTF-8 mapping file for font encoding PD1
)
(C:\Users\user\AppData\Roaming\MiKTeX\tex/generic/intcalc\intcalc.sty
Package: intcalc 2019/12/15 v1.3 Expandable calculations with integers (HO)
)
\Hy@SavedSpaceFactor=\count310

(C:\Program Files\MiKTeX\tex/latex/hyperref\puenc.def
File: puenc.def 2025-07-12 v7.01o Hyperref: PDF Unicode definition (HO)
Now handling font encoding PU ...
... no UTF-8 mapping file for font encoding PU
)
Package hyperref Info: Hyper figures OFF on input line 4195.
Package hyperref Info: Link nesting OFF on input line 4200.
Package hyperref Info: Hyper index ON on input line 4203.
Package hyperref Info: Plain pages OFF on input line 4210.
Package hyperref Info: Backreferencing OFF on input line 4215.
Package hyperref Info: Implicit mode ON; LaTeX internals redefined.
Package hyperref Info: Bookmarks ON on input line 4462.
\c@Hy@tempcnt=\count311

(C:\Program Files\MiKTeX\tex/latex/url\url.sty
\Urlmuskip=\muskip18
Package: url 2013/09/16  ver 3.4  Verb mode for urls, etc.
)
LaTeX Info: Redefining \url on input line 4801.
\XeTeXLinkMargin=\dimen173

(C:\Users\user\AppData\Roaming\MiKTeX\tex/generic/bitset\bitset.sty
Package: bitset 2019/12/09 v1.3 Handle bit-vector datatype (HO)

(C:\Users\user\AppData\Roaming\MiKTeX\tex/generic/bigintcalc\bigintcalc.sty
Package: bigintcalc 2019/12/15 v1.5 Expandable calculations on big integers (HO
)
))
\Fld@menulength=\count312
\Field@Width=\dimen174
\Fld@charsize=\dimen175
Package hyperref Info: Hyper figures OFF on input line 6078.
Package hyperref Info: Link nesting OFF on input line 6083.
Package hyperref Info: Hyper index ON on input line 6086.
Package hyperref Info: backreferencing OFF on input line 6093.
Package hyperref Info: Link coloring OFF on input line 6098.
Package hyperref Info: Link coloring with OCG OFF on input line 6103.
Package hyperref Info: PDF/A mode OFF on input line 6108.
\Hy@abspage=\count313
\c@Item=\count314
\c@Hfootnote=\count315
)
Package hyperref Info: Driver (autodetected): hpdftex.

(C:\Program Files\MiKTeX\tex/latex/hyperref\hpdftex.def
File: hpdftex.def 2025-07-12 v7.01o Hyperref driver for pdfTeX
\Fld@listcount=\count316
\c@bookmark@seq@number=\count317

(C:\Users\user\AppData\Roaming\MiKTeX\tex/latex/rerunfilecheck\rerunfilecheck.s
ty
Package: rerunfilecheck 2025-06-21 v1.11 Rerun checks for auxiliary files (HO)

(C:\Users\user\AppData\Roaming\MiKTeX\tex/generic/uniquecounter\uniquecounter.s
ty
Package: uniquecounter 2019/12/15 v1.4 Provide unlimited unique counter (HO)
)
Package uniquecounter Info: New unique counter `rerunfilecheck' on input line 2
84.
)
\Hy@SectionHShift=\skip99
) (C:\Users\user\AppData\Roaming\MiKTeX\tex/latex/booktabs\booktabs.sty
Package: booktabs 2020/01/12 v1.61803398 Publication quality tables
\heavyrulewidth=\dimen176
\lightrulewidth=\dimen177
\cmidrulewidth=\dimen178
\belowrulesep=\dimen179
\belowbottomsep=\dimen180
\aboverulesep=\dimen181
\abovetopsep=\dimen182
\cmidrulesep=\dimen183
\cmidrulekern=\dimen184
\defaultaddspace=\dimen185
\@cmidla=\count318
\@cmidlb=\count319
\@aboverulesep=\dimen186
\@belowrulesep=\dimen187
\@thisruleclass=\count320
\@lastruleclass=\count321
\@thisrulewidth=\dimen188
)
(C:\Program Files\MiKTeX\tex/latex/tools\longtable.sty
Package: longtable 2025-10-13 v4.24 Multi-page Table package (DPC)
\LTleft=\skip100
\LTright=\skip101
\LTpre=\skip102
\LTpost=\skip103
\LTchunksize=\count322
\LTcapwidth=\dimen189
\LT@head=\box58
\LT@firsthead=\box59
\LT@foot=\box60
\LT@lastfoot=\box61
\LT@gbox=\box62
\LT@cols=\count323
\LT@rows=\count324
\c@LT@tables=\count325
\c@LT@chunks=\count326
\LT@p@ftn=\toks27
)
(C:\Users\user\AppData\Roaming\MiKTeX\tex/latex/float\float.sty
Package: float 2001/11/08 v1.3d Float enhancements (AL)
\c@float@type=\count327
\float@exts=\toks28
\float@box=\box63
\@float@everytoks=\toks29
\@floatcapt=\box64
)
(C:\Users\user\AppData\Roaming\MiKTeX\tex/latex/mhchem\mhchem.sty
Package: mhchem 2024/01/29 v4.10 for typesetting chemical formulae

(C:\Program Files\MiKTeX\tex/latex/l3packages/l3keys2e\l3keys2e.sty
Package: l3keys2e 2025-10-09 LaTeX2e option processing using LaTeX3 keys
)
(C:\Program Files\MiKTeX\tex/latex/tools\calc.sty
Package: calc 2025/03/01 v4.3b Infix arithmetic (KKT,FJ)
\calc@Acount=\count328
\calc@Bcount=\count329
\calc@Adimen=\dimen190
\calc@Bdimen=\dimen191
\calc@Askip=\skip104
\calc@Bskip=\skip105
LaTeX Info: Redefining \setlength on input line 86.
LaTeX Info: Redefining \addtolength on input line 87.
\calc@Ccount=\count330
\calc@Cskip=\skip106
)
(C:\Users\user\AppData\Roaming\MiKTeX\tex/latex/chemgreek\chemgreek.sty
Package: chemgreek 2020/01/16 v1.1a interface for upright Greek letters for use
 in chemistry (CN)
\l__chemgreek_tmpa_int=\count331
\g__chemgreek_tmpa_int=\count332
)
\l__mhchem_ce_distanceFromLastComma_int=\count333
\__mhchem_arrow_extPgfLength_skip=\skip107
\mhchem@minispace@tmp=\skip108
\mhchem@minibackspace@tmp=\skip109
\mhchem@bondwidth=\skip110
\mhchem@bondheight=\skip111
\mhchem@smallbondwidth@tmpA=\skip112
\mhchem@smallbondwidth@tmpB=\skip113
\mhchem@smallbondwidth=\skip114
\mhchem@bondtmp@minussidebearingleft=\skip115
\mhchem@bondtmp@minussidebearingright=\skip116
\l__mhchem_option_version_int=\count334
\mhchem@option@minusmathsidebearingleft=\dimen192
\mhchem@option@minusmathsidebearingright=\dimen193
\mhchem@option@minustextsidebearingleft=\dimen194
\mhchem@option@minustextsidebearingright=\dimen195
)
(C:\Program Files\MiKTeX\tex/latex/base\inputenc.sty
Package: inputenc 2024/02/08 v1.3d Input encoding file
\inpenc@prehook=\toks30
\inpenc@posthook=\toks31
)
\tocindent=\skip117
\c@myequations=\count335
\cftbeforemyequationsskip=\skip118
\cftmyequationsindent=\skip119
\cftmyequationsnumwidth=\skip120
\c@expdepth=\count336
\cftbeforeexptitleskip=\skip121
\cftafterexptitleskip=\skip122

(C:\Users\user\AppData\Roaming\MiKTeX\tex/latex/geometry\geometry.sty
Package: geometry 2020/01/02 v5.9 Page Geometry

(C:\Program Files\MiKTeX\tex/generic/iftex\ifvtex.sty
Package: ifvtex 2019/10/25 v1.7 ifvtex legacy package. Use iftex instead.
)
\Gm@cnth=\count337
\Gm@cntv=\count338
\c@Gm@tempcnt=\count339
\Gm@bindingoffset=\dimen196
\Gm@wd@mp=\dimen197
\Gm@odd@mp=\dimen198
\Gm@even@mp=\dimen199
\Gm@layoutwidth=\dimen256
\Gm@layoutheight=\dimen257
\Gm@layouthoffset=\dimen258
\Gm@layoutvoffset=\dimen259
\Gm@dimlist=\toks32

(C:\Users\user\AppData\Roaming\MiKTeX\tex/latex/geometry\geometry.cfg)))
(basicinfo.tex)
(C:\Program Files\MiKTeX\tex/latex/topiclongtable\topiclongtable.sty
(C:\Users\user\AppData\Roaming\MiKTeX\tex/latex/zref\zref-abspage.sty
Package: zref-abspage 2025-06-08 v2.36 Module abspage for zref (HO)

(C:\Users\user\AppData\Roaming\MiKTeX\tex/latex/zref\zref-base.sty
Package: zref-base 2025-06-08 v2.36 Module base for zref (HO)

(C:\Users\user\AppData\Roaming\MiKTeX\tex/generic/etexcmds\etexcmds.sty
Package: etexcmds 2019/12/15 v1.7 Avoid name clashes with e-TeX commands (HO)
)
(C:\Users\user\AppData\Roaming\MiKTeX\tex/latex/auxhook\auxhook.sty
Package: auxhook 2019-12-17 v1.6 Hooks for auxiliary files (HO)
)
Package zref Info: New property list: main on input line 767.
Package zref Info: New property: default on input line 768.
Package zref Info: New property: page on input line 769.
)
\c@abspage=\count340
Package zref Info: New property: abspage on input line 67.
)
(C:\Users\user\AppData\Roaming\MiKTeX\tex/latex/multirow\multirow.sty
Package: multirow 2024/11/12 v2.9 Span multiple rows of a table
\multirow@colwidth=\skip123
\multirow@cntb=\count341
\multirow@dima=\skip124
\bigstrutjot=\dimen260
)
Package: topiclongtable 2020/04/12 v1.3.2 Renders autocollapsing cells in longt
ables
\g_tlt_row_idx_int=\count342
\g_tlt_col_idx_int=\count343
\g_tlt_col_tot_int=\count344
)
(C:\Users\user\AppData\Roaming\MiKTeX\tex/latex/chngcntr\chngcntr.sty
Package: chngcntr 2018/04/09 v1.1a change counter resetting
Package chngcntr Info: \counterwithout already defined.
(chngcntr)             Quitting chngcntr on input line 21.
)
(thesis.aux (chapter1.aux) (chapter2.aux) (chapter3.aux) (appendix.aux)
(bibliography.aux))
\openout1 = `thesis.aux'.

LaTeX Font Info:    Checking defaults for OML/cmm/m/it on input line 41.
LaTeX Font Info:    ... okay on input line 41.
LaTeX Font Info:    Checking defaults for OMS/cmsy/m/n on input line 41.
LaTeX Font Info:    ... okay on input line 41.
LaTeX Font Info:    Checking defaults for OT1/cmr/m/n on input line 41.
LaTeX Font Info:    ... okay on input line 41.
LaTeX Font Info:    Checking defaults for T1/cmr/m/n on input line 41.
LaTeX Font Info:    ... okay on input line 41.
LaTeX Font Info:    Checking defaults for TS1/cmr/m/n on input line 41.
LaTeX Font Info:    ... okay on input line 41.
LaTeX Font Info:    Checking defaults for OMX/cmex/m/n on input line 41.
LaTeX Font Info:    ... okay on input line 41.
LaTeX Font Info:    Checking defaults for U/cmr/m/n on input line 41.
LaTeX Font Info:    ... okay on input line 41.
LaTeX Font Info:    Checking defaults for PD1/pdf/m/n on input line 41.
LaTeX Font Info:    ... okay on input line 41.
LaTeX Font Info:    Checking defaults for PU/pdf/m/n on input line 41.
LaTeX Font Info:    ... okay on input line 41.

(C:\Program Files\MiKTeX\tex/context/base/mkii\supp-pdf.mkii
[Loading MPS to PDF converter (version 2006.09.02).]
\scratchcounter=\count345
\scratchdimen=\dimen261
\scratchbox=\box65
\nofMPsegments=\count346
\nofMParguments=\count347
\everyMPshowfont=\toks33
\MPscratchCnt=\count348
\MPscratchDim=\dimen262
\MPnumerator=\count349
\makeMPintoPDFobject=\count350
\everyMPtoPDFconversion=\toks34
) (C:\Program Files\MiKTeX\tex/latex/epstopdf-pkg\epstopdf-base.sty
Package: epstopdf-base 2020-01-24 v2.11 Base part for package epstopdf
Package epstopdf-base Info: Redefining graphics rule for `.eps' on input line 4
85.

(C:\Program Files\MiKTeX\tex/latex/00miktex\epstopdf-sys.cfg
File: epstopdf-sys.cfg 2021/03/18 v2.0 Configuration of epstopdf for MiKTeX
))
\c@maskedRefs=\count351

(C:\Users\user\AppData\Roaming\MiKTeX\tex/latex/apacite\english.apc
File: english.apc 2013/07/21 v6.03 apacite language file
LaTeX Info: Redefining \BPBI on input line 129.
LaTeX Info: Redefining \BHBI on input line 130.
)
Package caption Info: Begin \AtBeginDocument code.
Package caption Info: float package is loaded.
Package caption Info: hyperref package is loaded.
Package caption Info: longtable package is loaded.

(C:\Program Files\MiKTeX\tex/latex/caption\ltcaption.sty
Package: ltcaption 2021/01/08 v1.4c longtable captions (AR)
)
Package caption Info: End \AtBeginDocument code.
Package hyperref Info: Link coloring OFF on input line 41.
 (thesis.out)
(thesis.out)
\@outlinefile=\write3
\openout3 = `thesis.out'.


Package chemgreek Info: Activating mapping `default' on line 41.


*geometry* driver: auto-detecting
*geometry* detected driver: pdftex
*geometry* verbose mode - [ preamble ] result:
* driver: pdftex
* paper: <default>
* layout: <same size as paper>
* layoutoffset:(h,v)=(0.0pt,0.0pt)
* modes: 
* h-part:(L,W,R)=(126.47249pt, 397.48502pt, 90.3375pt)
* v-part:(T,H,B)=(130.08621pt, 574.54628pt, 90.3375pt)
* \paperwidth=614.295pt
* \paperheight=794.96999pt
* \textwidth=397.48502pt
* \textheight=574.54628pt
* \oddsidemargin=54.2025pt
* \evensidemargin=54.2025pt
* \topmargin=20.81622pt
* \headheight=12.0pt
* \headsep=25.0pt
* \topskip=12.0pt
* \footskip=30.0pt
* \marginparwidth=44.0pt
* \marginparsep=10.0pt
* \columnsep=10.0pt
* \skip\footins=10.8pt plus 4.0pt minus 2.0pt
* \hoffset=0.0pt
* \voffset=0.0pt
* \mag=1000
* \@twocolumnfalse
* \@twosidefalse
* \@mparswitchfalse
* \@reversemarginfalse
* (1in=72.27pt=25.4mm, 1cm=28.453pt)

\g_tlt_stream_iow=\write4
\openout4 = `thesis.tlt'.

(titlepage.tex) [1


{C:/Users/user/AppData/Local/MiKTeX/fonts/map/pdftex/pdftex.map}] (thesis.toc
LaTeX Font Info:    Trying to load font information for U+msa on input line 2.
 (C:\Program Files\MiKTeX\tex/latex/amsfonts\umsa.fd
File: umsa.fd 2013/01/14 v3.01 AMS symbols A
)
LaTeX Font Info:    Trying to load font information for U+msb on input line 2.

(C:\Program Files\MiKTeX\tex/latex/amsfonts\umsb.fd
File: umsb.fd 2013/01/14 v3.01 AMS symbols B
)
LaTeX Font Info:    Trying to load font information for U+rsfs on input line 2.


(C:\Users\user\AppData\Roaming\MiKTeX\tex/latex/jknappen\ursfs.fd
File: ursfs.fd 1998/03/24 rsfs font definition file (jk)
)
LaTeX Font Info:    Trying to load font information for U+lasy on input line 2.


(C:\Program Files\MiKTeX\tex/latex/base\ulasy.fd
File: ulasy.fd 1998/08/17 v2.2e LaTeX symbol font definitions
)
LaTeX Font Info:    Trying to load font information for U+wasy on input line 2.


(C:\Users\user\AppData\Roaming\MiKTeX\tex/latex/wasysym\uwasy.fd
File: uwasy.fd 2020/01/19 v2.4 Wasy-2 symbol font definitions
)
Overfull \hbox (1.36159pt too wide) in paragraph at lines 21--21
 [][] [][]\OT1/cmr/m/n/12 Wireless Com-mu-ni-ca-tion and Po-si-tion-ing The- 
 []

[2

]
Overfull \hbox (12.32399pt too wide) in paragraph at lines 34--34
 [][] [][]\OT1/cmr/m/n/12 Design and De-vel-op-ment of Portable Stan-dAlone 
 []


Overfull \hbox (12.49211pt too wide) in paragraph at lines 35--35
 [][] [][]\OT1/cmr/m/n/12 A solar-powered multi-functional portable charg- 
 []


Overfull \hbox (3.34502pt too wide) in paragraph at lines 35--35
 \OT1/cmr/m/n/12 ing de-vice (SPMF-PCD) with internet-of-things 
 []


Overfull \hbox (0.57281pt too wide) in paragraph at lines 36--36
 [][] [][]\OT1/cmr/m/n/12 Renewable En-ergy from So-lar Pan-els: A Study 
 []


Overfull \hbox (9.94347pt too wide) in paragraph at lines 36--36
 \OT1/cmr/m/n/12 of Pho-to-voltaic Physics and En-vi-ron-men-tal Ben- 
 []

[3])
\tf@toc=\write5
\openout5 = `thesis.toc'.

 [4] (thesis.lot)
\tf@lot=\write6
\openout6 = `thesis.lot'.

 [5

] (thesis.lof
Overfull \hbox (4.9887pt too wide) in paragraph at lines 14--14
 [][] [][]\OT1/cmr/m/n/12 ESP32 re-ceives real-time lo-ca-tion data from GPS sa
tel- 
 []


Overfull \hbox (4.18723pt too wide) in paragraph at lines 16--16
 [][] [][]\OT1/cmr/m/n/12 Data Flow Rep-re-sen-ta-tion of the Solar-Powered Ren
tal 
 []

)
\tf@lof=\write7
\openout7 = `thesis.lof'.

 [6

] (thesis.exp)
\tf@exp=\write8
\openout8 = `thesis.exp'.

 [7

]
\openout2 = `chapter1.aux'.

 (chapter1.tex
Chapter 1.
[1


] [2] [3]
Overfull \hbox (0.3965pt too wide) in paragraph at lines 21--22
\OT1/cmr/m/n/12 lenges in ac-cess-ing sta-ble and re-li-able elec-tric-ity. In 
provinces such as Camiguin
 []

[4] [5] [6] [7] [8]
Overfull \hbox (9.51353pt too wide) in paragraph at lines 88--89
[]\OT1/cmr/m/n/12 Implement coin-operated or app-based ac-cess for rent-ing the
 power sources. 
 []

[9] [10] [11]) [12]
\openout2 = `chapter2.aux'.

 (chapter2.tex
Chapter 2.
[13




] [14] [15] [16]
<figures/theoretical.png, id=515, 724.7075pt x 676.5275pt>
File: figures/theoretical.png Graphic file (type png)
<use figures/theoretical.png>
Package pdftex.def Info: figures/theoretical.png  used on input line 32.
(pdftex.def)             Requested size: 357.73409pt x 333.95824pt.
 [17] [18 <./figures/theoretical.png>] [19] [20] [21]
<figures/schematic.png, id=544, 443.6575pt x 503.8825pt>
File: figures/schematic.png Graphic file (type png)
<use figures/schematic.png>
Package pdftex.def Info: figures/schematic.png  used on input line 116.
(pdftex.def)             Requested size: 238.49342pt x 270.86232pt.

[22] [23 <./figures/schematic.png>] [24] [25] [26] [27] [28] [29] [30] [31]
[32] [33] [34] [35] [36]
Overfull \hbox (8.12961pt too wide) in paragraph at lines 195--196
[]$[][][]$ \OT1/cmr/m/n/12 bat-ter-ies are gen-er-ally more energy-efficient, a
l-low-ing for greater
 []

[37] [38] [39] [40] [41]) [42]
\openout2 = `chapter3.aux'.

 (chapter3.tex
Chapter 3.
<figures/waterfall.png, id=634, 663.47874pt x 482.80376pt>
File: figures/waterfall.png Graphic file (type png)
<use figures/waterfall.png>
Package pdftex.def Info: figures/waterfall.png  used on input line 13.
(pdftex.def)             Requested size: 397.48502pt x 289.24246pt.
[43




 <./figures/waterfall.png>]
<figures/map.png, id=640, 923.45pt x 1152.305pt>
File: figures/map.png Graphic file (type png)
<use figures/map.png>
Package pdftex.def Info: figures/map.png  used on input line 25.
(pdftex.def)             Requested size: 238.49342pt x 297.5878pt.
 [44 <./figures/map.png>] [45] [46] [47]
Underfull \hbox (badness 1087) in paragraph at lines 77--78
[]|\OT1/cmr/m/n/12 - The sys-tem shall con-tin-u-ously mon-i-tor and
 []

ignored error: Infinite glue shrinkage found in box being split [48]
ignored error: Infinite glue shrinkage found in box being split [49]
Overfull \hbox (9.33621pt too wide) in paragraph at lines 104--104
[]|\OT1/cmr/bx/n/12 Hours/Day| 
 []


Overfull \hbox (32.40077pt too wide) in alignment at lines 101--106
 [] [] [] [] [] 
 []


Overfull \hbox (9.33621pt too wide) in paragraph at lines 109--109
[]|\OT1/cmr/bx/n/12 Hours/Day| 
 []


Overfull \hbox (32.40077pt too wide) in alignment at lines 106--111
 [] [] [] [] [] 
 []


Overfull \hbox (32.40077pt too wide) in alignment at lines 111--114
 [] [] [] [] [] 
 []


Underfull \hbox (badness 10000) in paragraph at lines 117--117
[]|\OT1/cmr/m/n/12 Mobile Phone
 []


Overfull \hbox (32.40077pt too wide) in alignment at lines 114--121
 [] [] [] [] [] 
 []


Overfull \hbox (3.73471pt too wide) detected at line 134
[][][][] \OT1/cmr/m/n/12 = [] + []
 []

[50] [51]
Underfull \hbox (badness 10000) in paragraph at lines 161--161
[]|\OT1/cmr/bx/n/12 Power
 []


Overfull \hbox (6.17441pt too wide) in alignment at lines 158--163
 [] [] [] [] 
 []


Underfull \hbox (badness 10000) in paragraph at lines 166--166
[]|\OT1/cmr/bx/n/12 Power
 []


Overfull \hbox (6.17441pt too wide) in alignment at lines 163--168
 [] [] [] [] 
 []


Overfull \hbox (6.17441pt too wide) in alignment at lines 168--171
 [] [] [] [] 
 []


Overfull \hbox (6.17441pt too wide) in alignment at lines 171--178
 [] [] [] [] 
 []

[52]
<figures/architecture.png, id=684, 3092.55376pt x 2931.95375pt>
File: figures/architecture.png Graphic file (type png)
<use figures/architecture.png>
Package pdftex.def Info: figures/architecture.png  used on input line 206.
(pdftex.def)             Requested size: 337.86469pt x 320.279pt.
 [53] [54 <./figures/architecture.png>]
<figures/flowchart.png, id=698, 733.74126pt x 1245.65375pt>
File: figures/flowchart.png Graphic file (type png)
<use figures/flowchart.png>
Package pdftex.def Info: figures/flowchart.png  used on input line 234.
(pdftex.def)             Requested size: 238.49342pt x 404.87068pt.
 [55] [56 <./figures/flowchart.png>]
<figures/harvesting.png, id=708, 2672.98625pt x 639.38875pt>
File: figures/harvesting.png Graphic file (type png)
<use figures/harvesting.png>
Package pdftex.def Info: figures/harvesting.png  used on input line 250.
(pdftex.def)             Requested size: 397.48502pt x 95.07489pt.
[57]
<figures/conversion.png, id=713, 3364.57pt x 502.87875pt>
File: figures/conversion.png Graphic file (type png)
<use figures/conversion.png>
Package pdftex.def Info: figures/conversion.png  used on input line 261.
(pdftex.def)             Requested size: 397.48502pt x 59.4067pt.
 [58 <./figures/harvesting.png> <./figures/conversion.png>]
<figures/monitoring.png, id=720, 1081.03876pt x 391.4625pt>
File: figures/monitoring.png Graphic file (type png)
<use figures/monitoring.png>
Package pdftex.def Info: figures/monitoring.png  used on input line 272.
(pdftex.def)             Requested size: 397.48502pt x 143.93092pt.
 [59 <./figures/monitoring.png>]
<figures/tracking.png, id=726, 1179.40625pt x 312.16624pt>
File: figures/tracking.png Graphic file (type png)
<use figures/tracking.png>
Package pdftex.def Info: figures/tracking.png  used on input line 284.
(pdftex.def)             Requested size: 397.48502pt x 105.20627pt.
<figures/context.png, id=727, 909.3975pt x 337.26pt>
File: figures/context.png Graphic file (type png)
<use figures/context.png>
Package pdftex.def Info: figures/context.png  used on input line 296.
(pdftex.def)             Requested size: 397.48502pt x 147.41193pt.
 [60 <./figures/tracking.png>] [61 <./figures/context.png>]
<figures/dataflow.png, id=739, 1077.02374pt x 666.49pt>
File: figures/dataflow.png Graphic file (type png)
<use figures/dataflow.png>
Package pdftex.def Info: figures/dataflow.png  used on input line 308.
(pdftex.def)             Requested size: 397.48502pt x 245.97708pt.

[62] [63 <./figures/dataflow.png>]
<figures/usecase.png, id=749, 1405.25pt x 1035.87pt>
File: figures/usecase.png Graphic file (type png)
<use figures/usecase.png>
Package pdftex.def Info: figures/usecase.png  used on input line 320.
(pdftex.def)             Requested size: 397.48502pt x 292.99736pt.
 [64] [65 <./figures/usecase.png>] [66]
<figures/activity.png, id=764, 748.7975pt x 1704.3675pt>
File: figures/activity.png Graphic file (type png)
<use figures/activity.png>
Package pdftex.def Info: figures/activity.png  used on input line 334.
(pdftex.def)             Requested size: 218.61797pt x 497.60876pt.

[67] [68 <./figures/activity.png>] [69]
<figures/front.png, id=778, 1053.9375pt x 598.235pt>
File: figures/front.png Graphic file (type png)
<use figures/front.png>
Package pdftex.def Info: figures/front.png  used on input line 349.
(pdftex.def)             Requested size: 317.98921pt x 180.49425pt.
<figures/aerial.png, id=779, 1069.9975pt x 582.175pt>
File: figures/aerial.png Graphic file (type png)
<use figures/aerial.png>
Package pdftex.def Info: figures/aerial.png  used on input line 356.
(pdftex.def)             Requested size: 317.98921pt x 173.01044pt.
<figures/rental.png, id=780, 1363.0925pt x 1242.6425pt>
File: figures/rental.png Graphic file (type png)
<use figures/rental.png>
Package pdftex.def Info: figures/rental.png  used on input line 363.
(pdftex.def)             Requested size: 397.48502pt x 362.36699pt.
 [70 <./figures/front.png> <./figures/aerial.png>]
<figures/welcome.png, id=787, 1668.2325pt x 1035.87pt>
File: figures/welcome.png Graphic file (type png)
<use figures/welcome.png>
Package pdftex.def Info: figures/welcome.png  used on input line 374.
(pdftex.def)             Requested size: 397.48502pt x 246.81198pt.
 [71 <./figures/rental.png>]
<figures/signin.png, id=793, 825.0825pt x 1049.9225pt>
File: figures/signin.png Graphic file (type png)
<use figures/signin.png>
Package pdftex.def Info: figures/signin.png  used on input line 383.
(pdftex.def)             Requested size: 278.2383pt x 354.05319pt.
 [72 <./figures/welcome.png>]
<figures/signup.png, id=800, 2236.355pt x 1039.885pt>
File: figures/signup.png Graphic file (type png)
<use figures/signup.png>
Package pdftex.def Info: figures/signup.png  used on input line 392.
(pdftex.def)             Requested size: 397.48502pt x 184.82285pt.
 [73 <./figures/signin.png>]
<figures/home.png, id=806, 825.0825pt x 1035.87pt>
File: figures/home.png Graphic file (type png)
<use figures/home.png>
Package pdftex.def Info: figures/home.png  used on input line 401.
(pdftex.def)             Requested size: 278.2383pt x 349.31442pt.
 [74 <./figures/signup.png>]
<figures/renting.png, id=812, 1668.2325pt x 1041.8925pt>
File: figures/renting.png Graphic file (type png)
<use figures/renting.png>
Package pdftex.def Info: figures/renting.png  used on input line 410.
(pdftex.def)             Requested size: 397.48502pt x 248.24693pt.
 [75 <./figures/home.png>]
<figures/admin.png, id=818, 821.0675pt x 1023.825pt>
File: figures/admin.png Graphic file (type png)
<use figures/admin.png>
Package pdftex.def Info: figures/admin.png  used on input line 419.
(pdftex.def)             Requested size: 119.2467pt x 148.69296pt.
 [76 <./figures/renting.png>]
<figures/admin2.png, id=824, 829.0975pt x 1049.9225pt>
File: figures/admin2.png Graphic file (type png)
<use figures/admin2.png>
Package pdftex.def Info: figures/admin2.png  used on input line 428.
(pdftex.def)             Requested size: 119.2467pt x 150.99327pt.
 [77 <./figures/admin.png> <./figures/admin2.png>])
[78]
\openout2 = `appendix.aux'.

 (appendix.tex) [79




]
\openout2 = `bibliography.aux'.

 (bibliography.tex (thesis.bbl)) (thesis.aux
(chapter1.aux) (chapter2.aux) (chapter3.aux) (appendix.aux) (bibliography.aux))
 ***********
LaTeX2e <2025-11-01>
L3 programming layer <2020/03/25>
 ***********
Package rerunfilecheck Info: File `thesis.out' has not changed.
(rerunfilecheck)             Checksum: C62AB8C256CB866C068F34F98B50B84B;15086.
 )
(\end occurred inside a group at level 1)

### simple group (level 1) entered at line 3 ({)
### bottom level 
Here is how much of TeX's memory you used:
 16587 strings out of 467871
 270243 string characters out of 5428445
 720512 words of memory out of 5000000
 44949 multiletter control sequences out of 15000+600000
 635519 words of font info for 72 fonts, out of 8000000 for 9000
 1141 hyphenation exceptions out of 8191
 80i,10n,82p,2204b,751s stack positions out of 10000i,1000n,20000p,200000b,200000s
 <C:\Users\user\AppData\Local\MiKTeX\fonts/pk/ljfour/jknappen/e
c/dpi600\tcbx1200.pk> <C:\Users\user\AppData\Local\MiKTeX\fonts/pk/ljfour/jknap
pen/ec/dpi600\tcrm1200.pk><C:/Program Files/MiKTeX/fonts/type1/public/amsfonts/
cm/cmbx12.pfb><C:/Program Files/MiKTeX/fonts/type1/public/amsfonts/cm/cmex10.pf
b><C:/Program Files/MiKTeX/fonts/type1/public/amsfonts/cm/cmmi12.pfb><C:/Progra
m Files/MiKTeX/fonts/type1/public/amsfonts/cm/cmmi8.pfb><C:/Program Files/MiKTe
X/fonts/type1/public/amsfonts/cm/cmr12.pfb><C:/Program Files/MiKTeX/fonts/type1
/public/amsfonts/cm/cmr8.pfb><C:/Program Files/MiKTeX/fonts/type1/public/amsfon
ts/cm/cmsy10.pfb><C:/Program Files/MiKTeX/fonts/type1/public/amsfonts/cm/cmti12
.pfb>
Output written on thesis.pdf (86 pages, 13980627 bytes).
PDF statistics:
 929 PDF objects out of 1000 (max. 8388607)
 194 named destinations out of 1000 (max. 500000)
 641 words of extra memory for PDF output out of 10000 (max. 10000000)

